# MySQL Reference 8.0 - The InnoDB Storage Engine

## 15.7 InnoDB Locking and Transaction Model

### 15.7.3. Locks Set by Different SQL Statements in InnoDB

`REPEATABLE READ` 격리 수준에서 InnoDB 는 잠금 읽기, `update`, `delete` 쿼리 수행을 위해 접근하는 모든 레코드에 락을 건다
- 일반적으로 인덱스 레코드와 레코드의 왼쪽 갭에 락을 거는 넥스트 키 락을 사용한다

세컨더리 인덱스를 사용하여 스캔 시 세컨더리 인덱스에 배타 락을 걸었다면 이에 대응되는 클러스터드 인덱스에도 레코드 락을 건다

쿼리 수행을 위한 적절한 인덱스가 없다면 테이블 풀 스캔이 수행되며 모든 레코드에 락이 걸릴 것이다
- 넥스트 키 락에 의해 다른 트랜잭션에서 레코드 삽입이 불가능해진다
- 쿼리 수행 시 적절한 인덱스가 필요

**SELECT**

트랜잭션 격리 수준이 `SERIALIZABLE`이 아닌 읽기에 잠금 없이 특정 시점의 스냅샷을 읽어온다
- `SERIALIZABLE`은 스캔한 모든 인덱스 레코드에 공유 넥스트 키 락을 건다

**INSERT**

InnoDB는 레코드를 삽입할 때 갭 락의 일종인 `insert intention gap lock`을 걸고, 삽입 대상이 되는 인덱스 레코드에 배타 락을 건다
- 넥스트 키 락이 아닌 레코드 락이기 때문에 다른 트랜잭션에서 삽입된 레코드 주변 갭에 레코드를 삽입하든 말든 신경쓰지 않음

```mysql
# tx1
mysql> insert into tml(val1, val2) values (14, 15);
Query OK, 1 row affected (0.01 sec)

# tx2
mysql> insert into tml(val1, val2) values (14, 15);
Query OK, 1 row affected (0.00 sec)
```
- 유니크 제약 조건에 걸리지 않는 이상 동일한 삽입 쿼리를 서로 다른 트랜잭션에서 대기 없이 실행할 수 없다

InnoDB는 레코드 삽입을 시도했을 때 중복 키를 검사하기 위해 해당 인덱스 레코드에 공유락 (`S`) 을 건다

```mysql
mysql> insert into child values (90);
ERROR 1062 (23000): Duplicate entry '90' for key 'child.PRIMARY'
    
    ------+-----------+
| PRIMARY    |       281473231949632 | RECORD    | S,REC_NOT_GAP | GRANTED     | 90        |
+--------+----------------
```
- 트랜잭션에서 이미 존재하는 프라이머리 키 값인 `id=90`으로 삽입을 시도했다
- 중복된 키 값으로 인해 `duplicate key error` 가 발생했다
- 테이블에 걸린 락 정보를 조회해보니 중복 키에 인덱스 레코드 공유 락이 걸려있음을 확인할 수 있었다

```mysql
mysql> delete from child where id=90;
ERROR 1205 (HY000): Lock wait timeout exceeded; try restarting transaction

| PRIMARY    |       281473231955936 | RECORD    | X,REC_NOT_GAP | WAITING     | 90
```
- `duplicate key error`에서 걸었던 공유 락으로 인해 해당 레코드를 갱신하거나 삭제하는 트랜잭션은 대기해야 한다
  - 이러한 정책은 트랜잭션 격리 수준과 상관 없이 항상 적용
- InnoDB 에서 왜 이런 정책을 세웠는지는 아직 잘 모르겠다..
  - 추측하기로는 중복키가 없다고 판단했는데 중간에 레코드가 갱신되거나 삭제됨을 방지하여 일관성을 유지하기 위함인 듯

**INSERT 데드락**

`duplicate key error`에서 걸린 공유 락으로 인해 데드락이 발생할 수 있다

```mysql
// tx1
mysql> insert into child values(104);
Query OK, 1 row affected (0.01 sec)
```
- 트랜잭션 1번에서 레코드를 삽입한다
- 트랜잭션 1번은 삽입된 레코드에 대해 인덱스 레코드 배타 락을 갖고 있다

```mysql
//  tx2
mysql> insert into child values (104);

// tx3
mysql> insert into child values (104);

| PRIMARY    |       281473231955936 | RECORD    | S,REC_NOT_GAP | WAITING     | 104       |
| PRIMARY    |       281473231931392 | RECORD    | S,REC_NOT_GAP | WAITING     | 104       |
| PRIMARY    |       281473231949632 | RECORD    | X,REC_NOT_GAP | GRANTED     | 104       |
```
- 트랜잭션 2번과 3번에서 동일한 레코드 삽입을 시도하면 중복 키 체크를 위해 인덱스 레코드 공유 락을 위해 대기하게 된다

```mysql
// tx1
mysql> rollback;


// tx2
ERROR 1213 (40001): Deadlock found when trying to get lock; try restarting transaction
```
- 배타락을 갖고 있던 트랜잭션 1번이 롤백하면 트랜잭션 2번과 3번이 중복 체크를 위한 공유 락을 동시에 얻는다
- 중복 체크에 실패하지 않았으므로 인덱스 레코드에 공유 락이 아닌 배타 락을 걸려고 시도하지만 서로의 공유 락에 의해 데드락이 발생한다

**갭 락에 대한 고찰**

지금까지 학습한 내용을 토대로 갭 락이 왜 필요한지 다시 정리해보자

```mysql
num, val1
(1, 13) 
(2, 13)
(3, 15)
```
- 자동 증가 프라이머리 키인 `num`와 유니크하지 않은 값인 `val1`을 컬럼을 갖는 테이블 `test`를 가정해보자
- 테이블에는 `val1`컬럼에 대한 인덱스인 `idx1`이 걸려있다

```mysql
select * from test where val1=13 for update;
+-----+------+
| num | val1 |
+-----+------+
|   1 |   13 |
|   2 |   13 |
+-----+------+

| idx1       |       281473231931392 | RECORD    | X             | GRANTED     | 13, 1     |
| idx1       |       281473231931392 | RECORD    | X             | GRANTED     | 13, 2     |
| PRIMARY    |       281473231931736 | RECORD    | X,REC_NOT_GAP | GRANTED     | 1         |
| PRIMARY    |       281473231931736 | RECORD    | X,REC_NOT_GAP | GRANTED     | 2         |
| idx1       |       281473231932080 | RECORD    | X,GAP         | GRANTED     | 15, 3     |
```
- `REPEATABLE READ` 격리 수준에서 위와 같은 쿼리를 수행하면 `idx1` 인덱스에 넥스트 키 락과 갭 락이 걸린다
  - `idx1=(13, 1)`, `idx=(13, 2)` 에 넥스트 키 락이 걸리고 `idx1=(15, 3)`에 갭 락이 걸림
- 클러스터드 인덱스에는 `where` 조건에 일치하는 `num=1` 과 `num=2`에 인덱스 레코드 락이 걸린다

```mysql
insert into test (val1) values (13);
```
- 만약 갭 락이 없는 상태에서 위의 쿼리를 실행하면 어떻게 될까?
- 레코드가 삽입되고 `idx1=(13,2)` 와 `idx1=(15,3)` 사이에 `idx1=(13,4)` 레코드가 추가될 것이다
- 레코드가 삽입되고 다시 `select for update`를 수행하면 새로 삽입된 레코드까지 포함하여 총 3건이 반환될 것이다
  - 팬텀 로우 현상 발생!

따라서 단일 조건으로 검색하여도 중복된 값이 허용된다면 처음 읽어왔던 결과와 다른 레코드 셋이 반환될 수 있다
- 그렇기 때문에 조회된 데이터 셋의 앞과 뒤의 갭에 락을 걸어 새로운 레코드 삽입 제한

만약 중복된 레코드의 삽입을 허용하지 않고 단일 조건으로만 검색한다면 어떻게 될까?
- 동일한 조회 쿼리를 다시 수행하여도 새로운 데이터가 삽입될 여지가 없다
- 그렇기 때문에 유니크 인덱스에 단일 조건으로 검색했을 때는 넥스트 키 락이 아닌 인덱스 레코드 락을 사용

이는 `update` 와 `delete` 쿼리에도 동일하게 작용한다

```mysql
mysql> update hi set val1=20 where val1=13;

| idx1       |       281473231931392 | RECORD    | X             | GRANTED     | 13, 1     |
| idx1       |       281473231931392 | RECORD    | X             | GRANTED     | 13, 2     |
| PRIMARY    |       281473231931736 | RECORD    | X,REC_NOT_GAP | GRANTED     | 1         |
| PRIMARY    |       281473231931736 | RECORD    | X,REC_NOT_GAP | GRANTED     | 2         |
| idx1       |       281473231932080 | RECORD    | X,GAP         | GRANTED     | 15, 3     |
```
- 왜일까 추측해보았다
  - 갭 락을 사용하지 않는다면 처음 `update`를 수행했을 때는 3개의 로우에 영향을 받았지만 이후에는 4개의 로우에 영향을 주는 상황이 발생 가능
  - 갱신 쿼리에 영향을 받은 쿼리는 언두 로그가 아닌 최신 스냅샷 정보를 읽어올 수 있으므로 갭 락을 사용하지 않는다면 이후에 삽입된 데이터로 인해 읽기 일관성이 성립되지 않을 것
